============================= test session starts =============================
platform win32 -- Python 3.14.0, pytest-9.0.1, pluggy-1.6.0 -- C:\Users\efosb\AppData\Local\Python\pythoncore-3.14-64\python.exe
cachedir: .pytest_cache
rootdir: C:\Users\efosb\OneDrive\Desktop\GRC Inspector\GRC_Command_Center\backend
configfile: pyproject.toml
plugins: anyio-4.12.1, langsmith-0.6.6, asyncio-1.3.0, cov-7.0.0, timeout-2.4.0
asyncio: mode=Mode.STRICT, debug=False, asyncio_default_fixture_loop_scope=None, asyncio_default_test_loop_scope=function
collecting ... collected 6 items

tests/smoke_test.py::test ERROR                                          [ 16%]
tests/test_iam_05.py::test_iam_05 PASSED                                 [ 33%]
tests/test_iam_07.py::test_iam_07 FAILED                                 [ 50%]
tests/test_iam_08.py::test_iam_08 FAILED                                 [ 66%]
tests/test_iam_09.py::test_iam_09_policy_engine PASSED                   [ 83%]
tests/test_iam_10.py::test_iam_10_agent_sync FAILED                      [100%]

=================================== ERRORS ====================================
___________________________ ERROR at setup of test ____________________________
file C:\Users\efosb\OneDrive\Desktop\GRC Inspector\GRC_Command_Center\backend\tests\smoke_test.py, line 73
  def test(name, method, url, expected_status=200, json_body=None,
E       fixture 'name' not found
>       available fixtures: _class_scoped_runner, _function_scoped_runner, _module_scoped_runner, _package_scoped_runner, _session_scoped_runner, anyio_backend, anyio_backend_name, anyio_backend_options, cache, capfd, capfdbinary, caplog, capsys, capsysbinary, capteesys, cov, doctest_namespace, event_loop_policy, free_tcp_port, free_tcp_port_factory, free_udp_port, free_udp_port_factory, monkeypatch, no_cover, pytestconfig, record_property, record_testsuite_property, record_xml_attribute, recwarn, subtests, tmp_path, tmp_path_factory, tmpdir, tmpdir_factory, unused_tcp_port, unused_tcp_port_factory, unused_udp_port, unused_udp_port_factory
>       use 'pytest --fixtures [testpath]' for help on them.

C:\Users\efosb\OneDrive\Desktop\GRC Inspector\GRC_Command_Center\backend\tests\smoke_test.py:73
================================== FAILURES ===================================
_________________________________ test_iam_07 _________________________________

    def test_iam_07():
        print("--- \U0001f9ea PHASE 5 SECURITY TEST: IAM-07 (AUDIT) ---")
    
        # 1. Generate a LOGIN_FAIL event
        login_url = f"{BASE_URL}/auth/login"
        login_data_fail = {"username": "admin", "password": "WRONG_PASSWORD"}
        requests.post(login_url, json=login_data_fail)
        print("\u2705 Generated LOGIN_FAIL event")
    
        # 2. Login as admin to access audit
        login_data_admin = {"username": "admin", "password": "grc-admin-final-2026"}
        resp = requests.post(login_url, json=login_data_admin)
>       assert resp.status_code == 200, "Admin login failed"
E       AssertionError: Admin login failed
E       assert 401 == 200
E        +  where 401 = <Response [401]>.status_code

tests\test_iam_07.py:19: AssertionError
---------------------------- Captured stdout call -----------------------------
--- \U0001f9ea PHASE 5 SECURITY TEST: IAM-07 (AUDIT) ---\n\u2705 Generated LOGIN_FAIL event
_________________________________ test_iam_08 _________________________________

    def test_iam_08():
        print("--- \U0001f9ea PHASE 5 SECURITY TEST: IAM-08 (RESILIENCE) ---")
    
        # 1. Login as admin
        login_url = f"{BASE_URL}/auth/login"
        login_data = {"username": "admin", "password": "grc-admin-final-2026"}
        resp = requests.post(login_url, json=login_data)
>       assert resp.status_code == 200
E       assert 401 == 200
E        +  where 401 = <Response [401]>.status_code

tests\test_iam_08.py:15: AssertionError
---------------------------- Captured stdout call -----------------------------
--- \U0001f9ea PHASE 5 SECURITY TEST: IAM-08 (RESILIENCE) ---
___________________________ test_iam_10_agent_sync ____________________________

    def test_iam_10_agent_sync():
        print("--- IAM-10: Strategic Agent Policy Sync Smoke Test ---")
    
        # 1. Login as Admin to manage policies
        print("[1] Logging in as Admin...")
        admin_login = requests.post(f"{BASE_URL}/auth/login", json={"username": "admin", "password": "grc-admin-2026"})
        admin_tokens = admin_login.json()
>       admin_headers = {"Authorization": f"Bearer {admin_tokens['access_token']}"}
                                                    ^^^^^^^^^^^^^^^^^^^^^^^^^^^^
E       KeyError: 'access_token'

tests\test_iam_10.py:13: KeyError
---------------------------- Captured stdout call -----------------------------
--- IAM-10: Strategic Agent Policy Sync Smoke Test ---
[1] Logging in as Admin...
=========================== short test summary info ===========================
FAILED tests/test_iam_07.py::test_iam_07 - AssertionError: Admin login failed
FAILED tests/test_iam_08.py::test_iam_08 - assert 401 == 200
FAILED tests/test_iam_10.py::test_iam_10_agent_sync - KeyError: 'access_token'
ERROR tests/smoke_test.py::test
==================== 3 failed, 2 passed, 1 error in 3.04s =====================
