============================= test session starts =============================
platform win32 -- Python 3.14.0, pytest-9.0.1, pluggy-1.6.0 -- C:\Users\efosb\AppData\Local\Python\pythoncore-3.14-64\python.exe
cachedir: .pytest_cache
rootdir: C:\Users\efosb\OneDrive\Desktop\GRC Inspector\GRC_Command_Center\backend
configfile: pyproject.toml
plugins: anyio-4.12.1, langsmith-0.6.6, asyncio-1.3.0, cov-7.0.0, timeout-2.4.0
asyncio: mode=Mode.STRICT, debug=False, asyncio_default_fixture_loop_scope=None, asyncio_default_test_loop_scope=function
collecting ... collected 5 items

tests/test_iam_05.py::test_iam_05 PASSED                                 [ 20%]
tests/test_iam_07.py::test_iam_07 FAILED                                 [ 40%]
tests/test_iam_08.py::test_iam_08 FAILED                                 [ 60%]
tests/test_iam_09.py::test_iam_09_policy_engine PASSED                   [ 80%]
tests/test_iam_10.py::test_iam_10_agent_sync PASSED                      [100%]

================================== FAILURES ===================================
_________________________________ test_iam_07 _________________________________

    def test_iam_07():
        print("--- \U0001f9ea PHASE 5 SECURITY TEST: IAM-07 (AUDIT) ---")
    
        # 1. Generate a LOGIN_FAIL event
        login_url = f"{BASE_URL}/auth/login"
        login_data_fail = {"username": "admin", "password": "WRONG_PASSWORD"}
        requests.post(login_url, json=login_data_fail)
        print("\u2705 Generated LOGIN_FAIL event")
    
        # 2. Login as admin to access audit
        login_data_admin = {"username": "admin", "password": "grc-admin-2026"}
        resp = requests.post(login_url, json=login_data_admin)
        assert resp.status_code == 200, "Admin login failed"
        admin_token = resp.json()["access_token"]
        print("\u2705 Admin authenticated")
    
        # 3. Access Security Audit
        audit_url = f"{BASE_URL}/admin/audit/security"
        headers = {"Authorization": f"Bearer {admin_token}"}
        resp = requests.get(audit_url, headers=headers)
        assert resp.status_code == 200, f"Audit access failed: {resp.status_code}"
        events = resp.json()
        assert len(events) > 0, "No events found in audit"
    
        # Verify the fail event we just generated is at the top (or near it)
        # Note: Login fails are logged as 'anonymous' because session state isn't set yet
        found_fail = any(ev["event_type"] == "LOGIN_FAIL" and ev["user"] == "anonymous" for ev in events[:5])
>       assert found_fail, f"LOGIN_FAIL event not captured correctly. Events: {events[:3]}"
E       AssertionError: LOGIN_FAIL event not captured correctly. Events: [{'id': 28, 'timestamp': '2026-04-07T03:51:21.318871', 'event_type': 'LOGIN_SUCCESS', 'user': 'admin', 'ip_address': '172.23.0.1', 'detail': "Authentication successful for user 'admin'"}, {'id': 27, 'timestamp': '2026-04-07T03:51:20.952025', 'event_type': 'LOGIN_FAIL', 'user': 'admin', 'ip_address': '172.23.0.1', 'detail': "Failed authentication attempt for user 'admin'"}, {'id': 26, 'timestamp': '2026-04-07T03:51:20.598784', 'event_type': 'PASSWORD_CHANGE', 'user': 'admin', 'ip_address': '172.23.0.1', 'detail': 'Self-service credential rotation successful'}]
E       assert False

tests\test_iam_07.py:34: AssertionError
---------------------------- Captured stdout call -----------------------------
--- \U0001f9ea PHASE 5 SECURITY TEST: IAM-07 (AUDIT) ---\n\u2705 Generated LOGIN_FAIL event\n\u2705 Admin authenticated
_________________________________ test_iam_08 _________________________________

    def test_iam_08():
        print("--- \U0001f9ea PHASE 5 SECURITY TEST: IAM-08 (RESILIENCE) ---")
    
        # 1. Login as admin
        login_url = f"{BASE_URL}/auth/login"
        login_data = {"username": "admin", "password": "grc-admin-2026"}
        resp = requests.post(login_url, json=login_data)
        assert resp.status_code == 200
        tokens = resp.json()
        access_token = tokens["access_token"]
        refresh_token = tokens["refresh_token"]
        print("\u2705 Admin authenticated")
    
        # 2. Simulate Access Token Expiration (wait or just use refresh manually)
        # The actual server enforces expiration. In a real integration test, we wait.
        # But here, we'll verify the 'refresh' endpoint directly.
        refresh_url = f"{BASE_URL}/auth/refresh"
        resp = requests.post(refresh_url, json={"refresh_token": refresh_token})
        assert resp.status_code == 200, "Silent refresh failed"
        new_tokens = resp.json()
>       assert new_tokens["access_token"] != access_token, "Token was not rotated"
E       AssertionError: Token was not rotated
E       assert 'eyJhbGciOiJIUzI1NiIsInR5cCI6IkpXVCJ9.eyJzdWIiOiJhZG1pbiIsInJvbGUiOiJhZG1pbiIsIm1jcCI6ZmFsc2UsImV4cCI6MTc3NTUzNDc4MX0.Vn6abPc6uYcWvXE4-IF9ZFeQZs3fk1CddFuIkqg6t7A' != 'eyJhbGciOiJIUzI1NiIsInR5cCI6IkpXVCJ9.eyJzdWIiOiJhZG1pbiIsInJvbGUiOiJhZG1pbiIsIm1jcCI6ZmFsc2UsImV4cCI6MTc3NTUzNDc4MX0.Vn6abPc6uYcWvXE4-IF9ZFeQZs3fk1CddFuIkqg6t7A'

tests\test_iam_08.py:28: AssertionError
---------------------------- Captured stdout call -----------------------------
--- \U0001f9ea PHASE 5 SECURITY TEST: IAM-08 (RESILIENCE) ---\n\u2705 Admin authenticated
============================== warnings summary ===============================
..\..\..\..\..\AppData\Local\Python\pythoncore-3.14-64\Lib\site-packages\_pytest\config\__init__.py:1397
  C:\Users\efosb\AppData\Local\Python\pythoncore-3.14-64\Lib\site-packages\_pytest\config\__init__.py:1397: PytestConfigWarning: Unknown config option: ignore
  
    self._warn_or_fail_if_strict(f"Unknown config option: {key}\n")

-- Docs: https://docs.pytest.org/en/stable/how-to/capture-warnings.html
=========================== short test summary info ===========================
FAILED tests/test_iam_07.py::test_iam_07 - AssertionError: LOGIN_FAIL event n...
FAILED tests/test_iam_08.py::test_iam_08 - AssertionError: Token was not rotated
=================== 2 failed, 3 passed, 1 warning in 7.57s ====================
